hazelcast_2_1        | 2024-01-31 00:31:10,229 [ INFO] [hz.sad_newton.generic-operation.thread-4] [c.h.c.i.RaftService]: [hazelcast_2]:5701 [distributed_databases] [5.1.7] RaftNode[CPGroupId{name='default', seed=0, groupId=2082}] is created with [RaftEndpoint{uuid='0ee7b71a-2639-49ec-b77d-4a2383e73273'}, RaftEndpoint{uuid='8514f6c9-5e30-4d0b-9b02-aefa00b21b81'}, RaftEndpoint{uuid='95e22f28-499f-4c04-b5a0-dc4c2f76d461'}]
hazelcast_2_1        | 2024-01-31 00:31:10,229 [ INFO] [hz.sad_newton.partition-operation.thread-9] [c.h.c.i.r.i.RaftNode(default)]: [hazelcast_2]:5701 [distributed_databases] [5.1.7] Status is set to: ACTIVE
hazelcast_1_1        | 2024-01-31 00:31:12,330 [ WARN] [hz.adoring_bouman.partition-operation.thread-9] [c.h.c.i.r.i.RaftNodeImpl$LeaderFailureDetectionTask(default)]: [hazelcast_1]:5701 [distributed_databases] [5.1.7] We are FOLLOWER and there is no current leader. Will start new election round...
hazelcast_1_1        | 2024-01-31 00:31:12,330 [ INFO] [hz.adoring_bouman.partition-operation.thread-9] [c.h.c.i.r.i.t.PreVoteTask(default)]: [hazelcast_1]:5701 [distributed_databases] [5.1.7] Pre-vote started for next term: 1, last log index: 0, last log term: 0
hazelcast_1_1        | 2024-01-31 00:31:12,330 [ INFO] [hz.adoring_bouman.partition-operation.thread-9] [c.h.c.i.r.i.RaftNode(default)]: [hazelcast_1]:5701 [distributed_databases] [5.1.7]
hazelcast_1_1        |
hazelcast_1_1        | CP Group Members {groupId: default(2082), size:3, term:0, logIndex:0} [
hazelcast_1_1        |  CPMember{uuid=0ee7b71a-2639-49ec-b77d-4a2383e73273, address=[hazelcast_1]:5701} - FOLLOWER this
hazelcast_1_1        |  CPMember{uuid=8514f6c9-5e30-4d0b-9b02-aefa00b21b81, address=[hazelcast_3]:5701}
hazelcast_1_1        |  CPMember{uuid=95e22f28-499f-4c04-b5a0-dc4c2f76d461, address=[hazelcast_2]:5701}
hazelcast_1_1        | ]
hazelcast_1_1        |
hazelcast_2_1        | 2024-01-31 00:31:12,331 [ INFO] [hz.sad_newton.partition-operation.thread-9] [c.h.c.i.r.i.h.PreVoteRequestHandlerTask(default)]: [hazelcast_2]:5701 [distributed_databases] [5.1.7] Granted pre-vote for PreVoteRequest{candidate=RaftEndpoint{uuid='0ee7b71a-2639-49ec-b77d-4a2383e73273'}, nextTerm=1, lastLogTerm=0, lastLogIndex=0}
hazelcast_3_1        | 2024-01-31 00:31:12,331 [ INFO] [hz.serene_greider.partition-operation.thread-9] [c.h.c.i.r.i.h.PreVoteRequestHandlerTask(default)]: [hazelcast_3]:5701 [distributed_databases] [5.1.7] Granted pre-vote for PreVoteRequest{candidate=RaftEndpoint{uuid='0ee7b71a-2639-49ec-b77d-4a2383e73273'}, nextTerm=1, lastLogTerm=0, lastLogIndex=0}
hazelcast_1_1        | 2024-01-31 00:31:12,332 [ INFO] [hz.adoring_bouman.partition-operation.thread-9] [c.h.c.i.r.i.h.PreVoteResponseHandlerTask(default)]: [hazelcast_1]:5701 [distributed_databases] [5.1.7] Pre-vote granted from RaftEndpoint{uuid='95e22f28-499f-4c04-b5a0-dc4c2f76d461'} for term: 1, number of votes: 2, majority: 2
hazelcast_1_1        | 2024-01-31 00:31:12,332 [ INFO] [hz.adoring_bouman.partition-operation.thread-9] [c.h.c.i.r.i.h.PreVoteResponseHandlerTask(default)]: [hazelcast_1]:5701 [distributed_databases] [5.1.7] We have the majority during pre-vote phase. Let's start real election!
hazelcast_1_1        | 2024-01-31 00:31:12,333 [ INFO] [hz.adoring_bouman.partition-operation.thread-9] [c.h.c.i.r.i.t.LeaderElectionTask(default)]: [hazelcast_1]:5701 [distributed_databases] [5.1.7] Leader election started for term: 1, last log index: 0, last log term: 0
hazelcast_1_1        | 2024-01-31 00:31:12,334 [ INFO] [hz.adoring_bouman.partition-operation.thread-9] [c.h.c.i.r.i.RaftNode(default)]: [hazelcast_1]:5701 [distributed_databases] [5.1.7]
hazelcast_1_1        |
hazelcast_1_1        | CP Group Members {groupId: default(2082), size:3, term:1, logIndex:0} [
hazelcast_1_1        |  CPMember{uuid=0ee7b71a-2639-49ec-b77d-4a2383e73273, address=[hazelcast_1]:5701} - CANDIDATE this
hazelcast_1_1        |  CPMember{uuid=8514f6c9-5e30-4d0b-9b02-aefa00b21b81, address=[hazelcast_3]:5701}
hazelcast_1_1        |  CPMember{uuid=95e22f28-499f-4c04-b5a0-dc4c2f76d461, address=[hazelcast_2]:5701}
hazelcast_1_1        | ]
hazelcast_1_1        |
hazelcast_1_1        | 2024-01-31 00:31:12,337 [ INFO] [hz.adoring_bouman.partition-operation.thread-9] [c.h.c.i.r.i.h.PreVoteResponseHandlerTask(default)]: [hazelcast_1]:5701 [distributed_databases] [5.1.7] Ignored PreVoteResponse{voter=RaftEndpoint{uuid='8514f6c9-5e30-4d0b-9b02-aefa00b21b81'}, term=1, granted=true}. We are not FOLLOWER anymore.
hazelcast_2_1        | 2024-01-31 00:31:12,337 [ INFO] [hz.sad_newton.partition-operation.thread-9] [c.h.c.i.r.i.h.VoteRequestHandlerTask(default)]: [hazelcast_2]:5701 [distributed_databases] [5.1.7] Moving to new term: 1 from current term: 0 after VoteRequest{candidate=RaftEndpoint{uuid='0ee7b71a-2639-49ec-b77d-4a2383e73273'}, term=1, lastLogTerm=0, lastLogIndex=0, disruptive=false}
hazelcast_3_1        | 2024-01-31 00:31:12,337 [ INFO] [hz.serene_greider.partition-operation.thread-9] [c.h.c.i.r.i.h.VoteRequestHandlerTask(default)]: [hazelcast_3]:5701 [distributed_databases] [5.1.7] Moving to new term: 1 from current term: 0 after VoteRequest{candidate=RaftEndpoint{uuid='0ee7b71a-2639-49ec-b77d-4a2383e73273'}, term=1, lastLogTerm=0, lastLogIndex=0, disruptive=false}
hazelcast_3_1        | 2024-01-31 00:31:12,338 [ INFO] [hz.serene_greider.partition-operation.thread-9] [c.h.c.i.r.i.RaftNode(default)]: [hazelcast_3]:5701 [distributed_databases] [5.1.7]
hazelcast_3_1        |
hazelcast_3_1        | CP Group Members {groupId: default(2082), size:3, term:1, logIndex:0} [
hazelcast_3_1        |  CPMember{uuid=0ee7b71a-2639-49ec-b77d-4a2383e73273, address=[hazelcast_1]:5701}
hazelcast_3_1        |  CPMember{uuid=8514f6c9-5e30-4d0b-9b02-aefa00b21b81, address=[hazelcast_3]:5701} - FOLLOWER this
hazelcast_3_1        |  CPMember{uuid=95e22f28-499f-4c04-b5a0-dc4c2f76d461, address=[hazelcast_2]:5701}
hazelcast_3_1        | ]
hazelcast_3_1        |
hazelcast_2_1        | 2024-01-31 00:31:12,338 [ INFO] [hz.sad_newton.partition-operation.thread-9] [c.h.c.i.r.i.RaftNode(default)]: [hazelcast_2]:5701 [distributed_databases] [5.1.7]
hazelcast_2_1        |
hazelcast_2_1        | CP Group Members {groupId: default(2082), size:3, term:1, logIndex:0} [
hazelcast_2_1        |  CPMember{uuid=0ee7b71a-2639-49ec-b77d-4a2383e73273, address=[hazelcast_1]:5701}
hazelcast_2_1        |  CPMember{uuid=8514f6c9-5e30-4d0b-9b02-aefa00b21b81, address=[hazelcast_3]:5701}
hazelcast_2_1        |  CPMember{uuid=95e22f28-499f-4c04-b5a0-dc4c2f76d461, address=[hazelcast_2]:5701} - FOLLOWER this
hazelcast_2_1        | ]
hazelcast_2_1        |
hazelcast_3_1        | 2024-01-31 00:31:12,338 [ INFO] [hz.serene_greider.partition-operation.thread-9] [c.h.c.i.r.i.h.VoteRequestHandlerTask(default)]: [hazelcast_3]:5701 [distributed_databases] [5.1.7] Granted vote for VoteRequest{candidate=RaftEndpoint{uuid='0ee7b71a-2639-49ec-b77d-4a2383e73273'}, term=1, lastLogTerm=0, lastLogIndex=0, disruptive=false}
hazelcast_3_1        | 2024-01-31 00:31:12,339 [ INFO] [hz.serene_greider.partition-operation.thread-9] [c.h.c.i.r.i.h.AppendRequestHandlerTask(default)]: [hazelcast_3]:5701 [distributed_databases] [5.1.7] Setting leader: RaftEndpoint{uuid='0ee7b71a-2639-49ec-b77d-4a2383e73273'}
hazelcast_1_1        | 2024-01-31 00:31:12,338 [ INFO] [hz.adoring_bouman.partition-operation.thread-9] [c.h.c.i.r.i.h.VoteResponseHandlerTask(default)]: [hazelcast_1]:5701 [distributed_databases] [5.1.7] Vote granted from RaftEndpoint{uuid='8514f6c9-5e30-4d0b-9b02-aefa00b21b81'} for term: 1, number of votes: 2, majority: 2
hazelcast_3_1        | 2024-01-31 00:31:12,339 [ INFO] [hz.serene_greider.partition-operation.thread-9] [c.h.c.i.r.i.RaftNode(default)]: [hazelcast_3]:5701 [distributed_databases] [5.1.7]
hazelcast_3_1        |
hazelcast_3_1        | CP Group Members {groupId: default(2082), size:3, term:1, logIndex:0} [
hazelcast_3_1        |  CPMember{uuid=0ee7b71a-2639-49ec-b77d-4a2383e73273, address=[hazelcast_1]:5701} - LEADER
hazelcast_3_1        |  CPMember{uuid=8514f6c9-5e30-4d0b-9b02-aefa00b21b81, address=[hazelcast_3]:5701} - FOLLOWER this
hazelcast_3_1        |  CPMember{uuid=95e22f28-499f-4c04-b5a0-dc4c2f76d461, address=[hazelcast_2]:5701}
hazelcast_3_1        | ]
hazelcast_3_1        |
hazelcast_1_1        | 2024-01-31 00:31:12,338 [ INFO] [hz.adoring_bouman.partition-operation.thread-9] [c.h.c.i.r.i.h.VoteResponseHandlerTask(default)]: [hazelcast_1]:5701 [distributed_databases] [5.1.7] We are the LEADER!
hazelcast_1_1        | 2024-01-31 00:31:12,339 [ INFO] [hz.adoring_bouman.partition-operation.thread-9] [c.h.c.i.r.i.RaftNode(default)]: [hazelcast_1]:5701 [distributed_databases] [5.1.7]
hazelcast_1_1        |
hazelcast_1_1        | CP Group Members {groupId: default(2082), size:3, term:1, logIndex:0} [
hazelcast_1_1        |  CPMember{uuid=0ee7b71a-2639-49ec-b77d-4a2383e73273, address=[hazelcast_1]:5701} - LEADER this
hazelcast_1_1        |  CPMember{uuid=8514f6c9-5e30-4d0b-9b02-aefa00b21b81, address=[hazelcast_3]:5701}
hazelcast_1_1        |  CPMember{uuid=95e22f28-499f-4c04-b5a0-dc4c2f76d461, address=[hazelcast_2]:5701}
hazelcast_1_1        | ]
hazelcast_1_1        |
hazelcast_1_1        | 2024-01-31 00:31:12,339 [ INFO] [hz.adoring_bouman.partition-operation.thread-9] [c.h.c.i.r.i.h.VoteResponseHandlerTask(default)]: [hazelcast_1]:5701 [distributed_databases] [5.1.7] Ignored VoteResponse{voter=RaftEndpoint{uuid='95e22f28-499f-4c04-b5a0-dc4c2f76d461'}, term=1, granted=true}. We are not CANDIDATE anymore.
hazelcast_2_1        | 2024-01-31 00:31:12,338 [ INFO] [hz.sad_newton.partition-operation.thread-9] [c.h.c.i.r.i.h.VoteRequestHandlerTask(default)]: [hazelcast_2]:5701 [distributed_databases] [5.1.7] Granted vote for VoteRequest{candidate=RaftEndpoint{uuid='0ee7b71a-2639-49ec-b77d-4a2383e73273'}, term=1, lastLogTerm=0, lastLogIndex=0, disruptive=false}
hazelcast_2_1        | 2024-01-31 00:31:12,339 [ INFO] [hz.sad_newton.partition-operation.thread-9] [c.h.c.i.r.i.h.AppendRequestHandlerTask(default)]: [hazelcast_2]:5701 [distributed_databases] [5.1.7] Setting leader: RaftEndpoint{uuid='0ee7b71a-2639-49ec-b77d-4a2383e73273'}
hazelcast_2_1        | 2024-01-31 00:31:12,339 [ INFO] [hz.sad_newton.partition-operation.thread-9] [c.h.c.i.r.i.RaftNode(default)]: [hazelcast_2]:5701 [distributed_databases] [5.1.7]
hazelcast_2_1        |
hazelcast_2_1        | CP Group Members {groupId: default(2082), size:3, term:1, logIndex:0} [
hazelcast_2_1        |  CPMember{uuid=0ee7b71a-2639-49ec-b77d-4a2383e73273, address=[hazelcast_1]:5701} - LEADER
hazelcast_2_1        |  CPMember{uuid=8514f6c9-5e30-4d0b-9b02-aefa00b21b81, address=[hazelcast_3]:5701}
hazelcast_2_1        |  CPMember{uuid=95e22f28-499f-4c04-b5a0-dc4c2f76d461, address=[hazelcast_2]:5701} - FOLLOWER this
hazelcast_2_1        | ]
hazelcast_2_1        |
tester-container     | 2024/01/31 00:31:22 INFO : trying to connect to cluster: distributed_databases
hazelcast_1_1        | 2024-01-31 00:31:22,375 [ INFO] [hz.adoring_bouman.priority-generic-operation.thread-0] [c.h.c.i.p.t.AuthenticationMessageTask]: [hazelcast_1]:5701 [distributed_databases] [5.1.7] Received auth from Connection[id=7, /192.168.80.3:5701->/192.168.80.5:53246, qualifier=null, endpoint=[192.168.80.5]:53246, remoteUuid=0ea682f2-20d2-4bbc-9ac8-ef68a340328e, alive=true, connectionType=GOO, planeIndex=-1], successfully authenticated, clientUuid: 0ea682f2-20d2-4bbc-9ac8-ef68a340328e, client name: hz.client_4, client version: 1.4.1
tester-container     | 2024/01/31 00:31:22 INFO : connected to cluster: distributed_databases
tester-container     | 2024/01/31 00:31:22 INFO :
tester-container     |
tester-container     | Members {size:3, ver:3} [
tester-container     |  Member hazelcast_3:5701 - 8514f6c9-5e30-4d0b-9b02-aefa00b21b81
tester-container     |  Member hazelcast_2:5701 - 95e22f28-499f-4c04-b5a0-dc4c2f76d461
tester-container     |  Member hazelcast_1:5701 - 0ee7b71a-2639-49ec-b77d-4a2383e73273
tester-container     | ]
tester-container     |
hazelcast_3_1        | 2024-01-31 00:31:22,376 [ INFO] [hz.serene_greider.priority-generic-operation.thread-0] [c.h.c.i.p.t.AuthenticationMessageTask]: [hazelcast_3]:5701 [distributed_databases] [5.1.7] Received auth from Connection[id=6, /192.168.80.2:5701->/192.168.80.5:39158, qualifier=null, endpoint=[192.168.80.5]:39158, remoteUuid=0ea682f2-20d2-4bbc-9ac8-ef68a340328e, alive=true, connectionType=GOO, planeIndex=-1], successfully authenticated, clientUuid: 0ea682f2-20d2-4bbc-9ac8-ef68a340328e, client name: hz.client_4, client version: 1.4.1
hazelcast_2_1        | 2024-01-31 00:31:22,378 [ INFO] [hz.sad_newton.priority-generic-operation.thread-0] [c.h.c.i.p.t.AuthenticationMessageTask]: [hazelcast_2]:5701 [distributed_databases] [5.1.7] Received auth from Connection[id=7, /192.168.80.4:5701->/192.168.80.5:40540, qualifier=null, endpoint=[192.168.80.5]:40540, remoteUuid=0ea682f2-20d2-4bbc-9ac8-ef68a340328e, alive=true, connectionType=GOO, planeIndex=-1], successfully authenticated, clientUuid: 0ea682f2-20d2-4bbc-9ac8-ef68a340328e, client name: hz.client_4, client version: 1.4.1
hazelcast_1_1        | 2024-01-31 00:31:25,715 [ INFO] [hz.adoring_bouman.cached.thread-4] [c.h.c.i.RaftGroupMembershipManager]: [hazelcast_1]:5701 [distributed_databases] [5.1.7] Current leadership claims:
hazelcast_1_1        |  CPMember{uuid=8514f6c9-5e30-4d0b-9b02-aefa00b21b81, address=[hazelcast_3]:5701} has 0,
hazelcast_1_1        |  CPMember{uuid=95e22f28-499f-4c04-b5a0-dc4c2f76d461, address=[hazelcast_2]:5701} has 0,
hazelcast_1_1        |  CPMember{uuid=0ee7b71a-2639-49ec-b77d-4a2383e73273, address=[hazelcast_1]:5701} has 1 leaderships.
hazelcast_1_1        | 2024-01-31 00:31:25,715 [ INFO] [hz.adoring_bouman.cached.thread-4] [c.h.c.i.RaftGroupMembershipManager]: [hazelcast_1]:5701 [distributed_databases] [5.1.7] Searching a candidate transfer leadership from CPMember{uuid=0ee7b71a-2639-49ec-b77d-4a2383e73273, address=[hazelcast_1]:5701} with 1 leaderships.
hazelcast_1_1        | 2024-01-31 00:31:25,715 [ INFO] [hz.adoring_bouman.cached.thread-4] [c.h.c.i.RaftGroupMembershipManager]: [hazelcast_1]:5701 [distributed_databases] [5.1.7] No candidate could be found to get leadership from CPMember{uuid=0ee7b71a-2639-49ec-b77d-4a2383e73273, address=[hazelcast_1]:5701}. Skipping to next...
hazelcast_1_1        | 2024-01-31 00:31:25,715 [ INFO] [hz.adoring_bouman.cached.thread-4] [c.h.c.i.RaftGroupMembershipManager]: [hazelcast_1]:5701 [distributed_databases] [5.1.7] CPGroup leadership balance is fine, cannot rebalance further...
tester-container     | goos: linux
tester-container     | goarch: amd64
tester-container     | pkg: database-sandbox/db_experiments/hazelcast
tester-container     | cpu: AMD Ryzen 9 5900HS with Radeon Graphics
tester-container     | BenchmarkCounterWithoutBlocking-16                      1        5743534145 ns/op
tester-container     | 2024/01/31 00:31:28 INFO : trying to connect to cluster: distributed_databases
hazelcast_1_1        | 2024-01-31 00:31:28,128 [ INFO] [hz.adoring_bouman.priority-generic-operation.thread-0] [c.h.c.i.p.t.AuthenticationMessageTask]: [hazelcast_1]:5701 [distributed_databases] [5.1.7] Received auth from Connection[id=8, /192.168.80.3:5701->/192.168.80.5:53250, qualifier=null, endpoint=[192.168.80.5]:53250, remoteUuid=6780692f-208e-42fd-adb6-c02cf77ef3cc, alive=true, connectionType=GOO, planeIndex=-1], successfully authenticated, clientUuid: 6780692f-208e-42fd-adb6-c02cf77ef3cc, client name: hz.client_5, client version: 1.4.1
tester-container     | 2024/01/31 00:31:28 INFO : connected to cluster: distributed_databases
tester-container     | 2024/01/31 00:31:28 INFO :
tester-container     |
tester-container     | Members {size:3, ver:3} [
tester-container     |  Member hazelcast_3:5701 - 8514f6c9-5e30-4d0b-9b02-aefa00b21b81
tester-container     |  Member hazelcast_2:5701 - 95e22f28-499f-4c04-b5a0-dc4c2f76d461
tester-container     |  Member hazelcast_1:5701 - 0ee7b71a-2639-49ec-b77d-4a2383e73273
tester-container     | ]
tester-container     |
hazelcast_3_1        | 2024-01-31 00:31:28,135 [ INFO] [hz.serene_greider.priority-generic-operation.thread-0] [c.h.c.i.p.t.AuthenticationMessageTask]: [hazelcast_3]:5701 [distributed_databases] [5.1.7] Received auth from Connection[id=7, /192.168.80.2:5701->/192.168.80.5:39162, qualifier=null, endpoint=[192.168.80.5]:39162, remoteUuid=6780692f-208e-42fd-adb6-c02cf77ef3cc, alive=true, connectionType=GOO, planeIndex=-1], successfully authenticated, clientUuid: 6780692f-208e-42fd-adb6-c02cf77ef3cc, client name: hz.client_5, client version: 1.4.1
hazelcast_2_1        | 2024-01-31 00:31:28,142 [ INFO] [hz.sad_newton.priority-generic-operation.thread-0] [c.h.c.i.p.t.AuthenticationMessageTask]: [hazelcast_2]:5701 [distributed_databases] [5.1.7] Received auth from Connection[id=8, /192.168.80.4:5701->/192.168.80.5:40548, qualifier=null, endpoint=[192.168.80.5]:40548, remoteUuid=6780692f-208e-42fd-adb6-c02cf77ef3cc, alive=true, connectionType=GOO, planeIndex=-1], successfully authenticated, clientUuid: 6780692f-208e-42fd-adb6-c02cf77ef3cc, client name: hz.client_5, client version: 1.4.1
tester-container     | BenchmarkCounterWithOptimisticBlocking-16               1        26065138704 ns/op
tester-container     | 2024/01/31 00:31:54 INFO : trying to connect to cluster: distributed_databases
hazelcast_1_1        | 2024-01-31 00:31:54,219 [ INFO] [hz.adoring_bouman.priority-generic-operation.thread-0] [c.h.c.i.p.t.AuthenticationMessageTask]: [hazelcast_1]:5701 [distributed_databases] [5.1.7] Received auth from Connection[id=9, /192.168.80.3:5701->/192.168.80.5:38494, qualifier=null, endpoint=[192.168.80.5]:38494, remoteUuid=2ac6e46d-90f5-4637-b224-f7f78977b1af, alive=true, connectionType=GOO, planeIndex=-1], successfully authenticated, clientUuid: 2ac6e46d-90f5-4637-b224-f7f78977b1af, client name: hz.client_6, client version: 1.4.1
tester-container     | 2024/01/31 00:31:54 INFO : connected to cluster: distributed_databases
tester-container     | 2024/01/31 00:31:54 INFO :
tester-container     |
tester-container     | Members {size:3, ver:3} [
tester-container     |  Member hazelcast_3:5701 - 8514f6c9-5e30-4d0b-9b02-aefa00b21b81
tester-container     |  Member hazelcast_2:5701 - 95e22f28-499f-4c04-b5a0-dc4c2f76d461
tester-container     |  Member hazelcast_1:5701 - 0ee7b71a-2639-49ec-b77d-4a2383e73273
tester-container     | ]
tester-container     |
hazelcast_3_1        | 2024-01-31 00:31:54,221 [ INFO] [hz.serene_greider.priority-generic-operation.thread-0] [c.h.c.i.p.t.AuthenticationMessageTask]: [hazelcast_3]:5701 [distributed_databases] [5.1.7] Received auth from Connection[id=8, /192.168.80.2:5701->/192.168.80.5:47668, qualifier=null, endpoint=[192.168.80.5]:47668, remoteUuid=2ac6e46d-90f5-4637-b224-f7f78977b1af, alive=true, connectionType=GOO, planeIndex=-1], successfully authenticated, clientUuid: 2ac6e46d-90f5-4637-b224-f7f78977b1af, client name: hz.client_6, client version: 1.4.1
hazelcast_2_1        | 2024-01-31 00:31:54,222 [ INFO] [hz.sad_newton.priority-generic-operation.thread-0] [c.h.c.i.p.t.AuthenticationMessageTask]: [hazelcast_2]:5701 [distributed_databases] [5.1.7] Received auth from Connection[id=9, /192.168.80.4:5701->/192.168.80.5:53288, qualifier=null, endpoint=[192.168.80.5]:53288, remoteUuid=2ac6e46d-90f5-4637-b224-f7f78977b1af, alive=true, connectionType=GOO, planeIndex=-1], successfully authenticated, clientUuid: 2ac6e46d-90f5-4637-b224-f7f78977b1af, client name: hz.client_6, client version: 1.4.1
tester-container     | BenchmarkCounterWithAtomicLong-16                       1        9076990329 ns/op
tester-container     | PASS
tester-container     | ok       database-sandbox/db_experiments/hazelcast       90.516s
hazelcast_3_1        | 2024-01-31 00:32:03,305 [ INFO] [hz.serene_greider.IO.thread-in-1] [c.h.i.s.t.TcpServerConnection]: [hazelcast_3]:5701 [distributed_databases] [5.1.7] Connection[id=8, /192.168.80.2:5701->/192.168.80.5:47668, qualifier=null, endpoint=[192.168.80.5]:47668, remoteUuid=2ac6e46d-90f5-4637-b224-f7f78977b1af, alive=false, connectionType=GOO, planeIndex=-1] closed. Reason: Connection closed by the other side
hazelcast_2_1        | 2024-01-31 00:32:03,305 [ INFO] [hz.sad_newton.IO.thread-in-2] [c.h.i.s.t.TcpServerConnection]: [hazelcast_2]:5701 [distributed_databases] [5.1.7] Connection[id=9, /192.168.80.4:5701->/192.168.80.5:53288, qualifier=null, endpoint=[192.168.80.5]:53288, remoteUuid=2ac6e46d-90f5-4637-b224-f7f78977b1af, alive=false, connectionType=GOO, planeIndex=-1] closed. Reason: Connection closed by the other side
hazelcast_2_1        | 2024-01-31 00:32:03,305 [ INFO] [hz.sad_newton.IO.thread-in-0] [c.h.i.s.t.TcpServerConnection]: [hazelcast_2]:5701 [distributed_databases] [5.1.7] Connection[id=7, /192.168.80.4:5701->/192.168.80.5:40540, qualifier=null, endpoint=[192.168.80.5]:40540, remoteUuid=0ea682f2-20d2-4bbc-9ac8-ef68a340328e, alive=false, connectionType=GOO, planeIndex=-1] closed. Reason: Connection closed by the other side
hazelcast_2_1        | 2024-01-31 00:32:03,305 [ INFO] [hz.sad_newton.IO.thread-in-1] [c.h.i.s.t.TcpServerConnection]: [hazelcast_2]:5701 [distributed_databases] [5.1.7] Connection[id=8, /192.168.80.4:5701->/192.168.80.5:40548, qualifier=null, endpoint=[192.168.80.5]:40548, remoteUuid=6780692f-208e-42fd-adb6-c02cf77ef3cc, alive=false, connectionType=GOO, planeIndex=-1] closed. Reason: Connection closed by the other side
hazelcast_1_1        | 2024-01-31 00:32:03,305 [ INFO] [hz.adoring_bouman.IO.thread-in-0] [c.h.i.s.t.TcpServerConnection]: [hazelcast_1]:5701 [distributed_databases] [5.1.7] Connection[id=4, /192.168.80.3:5701->/192.168.80.5:52182, qualifier=null, endpoint=[192.168.80.5]:52182, remoteUuid=9d672142-4e8e-4087-bf8e-84bbe6161684, alive=false, connectionType=GOO, planeIndex=-1] closed. Reason: Connection closed by the other side
hazelcast_1_1        | 2024-01-31 00:32:03,305 [ INFO] [hz.adoring_bouman.IO.thread-in-2] [c.h.i.s.t.TcpServerConnection]: [hazelcast_1]:5701 [distributed_databases] [5.1.7] Connection[id=9, /192.168.80.3:5701->/192.168.80.5:38494, qualifier=null, endpoint=[192.168.80.5]:38494, remoteUuid=2ac6e46d-90f5-4637-b224-f7f78977b1af, alive=false, connectionType=GOO, planeIndex=-1] closed. Reason: Connection closed by the other side
hazelcast_1_1        | 2024-01-31 00:32:03,305 [ INFO] [hz.adoring_bouman.IO.thread-in-1] [c.h.i.s.t.TcpServerConnection]: [hazelcast_1]:5701 [distributed_databases] [5.1.7] Connection[id=8, /192.168.80.3:5701->/192.168.80.5:53250, qualifier=null, endpoint=[192.168.80.5]:53250, remoteUuid=6780692f-208e-42fd-adb6-c02cf77ef3cc, alive=false, connectionType=GOO, planeIndex=-1] closed. Reason: Connection closed by the other side
hazelcast_3_1        | 2024-01-31 00:32:03,305 [ INFO] [hz.serene_greider.IO.thread-in-2] [c.h.i.s.t.TcpServerConnection]: [hazelcast_3]:5701 [distributed_databases] [5.1.7] Connection[id=3, /192.168.80.2:5701->/192.168.80.5:59782, qualifier=null, endpoint=[192.168.80.5]:59782, remoteUuid=9d672142-4e8e-4087-bf8e-84bbe6161684, alive=false, connectionType=GOO, planeIndex=-1] closed. Reason: Connection closed by the other side
hazelcast_1_1        | 2024-01-31 00:32:03,308 [ INFO] [hz.adoring_bouman.IO.thread-in-2] [c.h.i.s.t.TcpServerConnection]: [hazelcast_1]:5701 [distributed_databases] [5.1.7] Connection[id=6, /192.168.80.3:5701->/192.168.80.5:41718, qualifier=null, endpoint=[192.168.80.5]:41718, remoteUuid=d4fba4f3-20d9-49d9-9d91-4675c6c98ba4, alive=false, connectionType=GOO, planeIndex=-1] closed. Reason: Connection closed by the other side
hazelcast_2_1        | 2024-01-31 00:32:03,308 [ INFO] [hz.sad_newton.IO.thread-in-1] [c.h.i.s.t.TcpServerConnection]: [hazelcast_2]:5701 [distributed_databases] [5.1.7] Connection[id=5, /192.168.80.4:5701->/192.168.80.5:35412, qualifier=null, endpoint=[192.168.80.5]:35412, remoteUuid=4c8acd57-42e1-4844-9b4a-b350711b368f, alive=false, connectionType=GOO, planeIndex=-1] closed. Reason: Connection closed by the other side
hazelcast_2_1        | 2024-01-31 00:32:03,308 [ INFO] [hz.sad_newton.IO.thread-in-2] [c.h.i.s.t.TcpServerConnection]: [hazelcast_2]:5701 [distributed_databases] [5.1.7] Connection[id=4, /192.168.80.4:5701->/192.168.80.5:60946, qualifier=null, endpoint=[192.168.80.5]:60946, remoteUuid=9d672142-4e8e-4087-bf8e-84bbe6161684, alive=false, connectionType=GOO, planeIndex=-1] closed. Reason: Connection closed by the other side
hazelcast_1_1        | 2024-01-31 00:32:03,308 [ INFO] [hz.adoring_bouman.IO.thread-in-1] [c.h.i.s.t.TcpServerConnection]: [hazelcast_1]:5701 [distributed_databases] [5.1.7] Connection[id=7, /192.168.80.3:5701->/192.168.80.5:53246, qualifier=null, endpoint=[192.168.80.5]:53246, remoteUuid=0ea682f2-20d2-4bbc-9ac8-ef68a340328e, alive=false, connectionType=GOO, planeIndex=-1] closed. Reason: Connection closed by the other side
hazelcast_1_1        | 2024-01-31 00:32:03,308 [ INFO] [hz.adoring_bouman.event-5] [c.h.c.i.ClientEndpointManager]: [hazelcast_1]:5701 [distributed_databases] [5.1.7] Destroying ClientEndpoint{connection=Connection[id=4, /192.168.80.3:5701->/192.168.80.5:52182, qualifier=null, endpoint=[192.168.80.5]:52182, remoteUuid=9d672142-4e8e-4087-bf8e-84bbe6161684, alive=false, connectionType=GOO, planeIndex=-1], clientUuid=9d672142-4e8e-4087-bf8e-84bbe6161684, clientName=hz.client_1, authenticated=true, clientVersion=1.4.1, creationTime=1706661032797, latest clientAttributes=null, labels=[]}
hazelcast_1_1        | 2024-01-31 00:32:03,308 [ INFO] [hz.adoring_bouman.event-3] [c.h.c.i.ClientEndpointManager]: [hazelcast_1]:5701 [distributed_databases] [5.1.7] Destroying ClientEndpoint{connection=Connection[id=8, /192.168.80.3:5701->/192.168.80.5:53250, qualifier=null, endpoint=[192.168.80.5]:53250, remoteUuid=6780692f-208e-42fd-adb6-c02cf77ef3cc, alive=false, connectionType=GOO, planeIndex=-1], clientUuid=6780692f-208e-42fd-adb6-c02cf77ef3cc, clientName=hz.client_5, authenticated=true, clientVersion=1.4.1, creationTime=1706661088128, latest clientAttributes=null, labels=[]}
hazelcast_1_1        | 2024-01-31 00:32:03,308 [ INFO] [hz.adoring_bouman.event-2] [c.h.c.i.ClientEndpointManager]: [hazelcast_1]:5701 [distributed_databases] [5.1.7] Destroying ClientEndpoint{connection=Connection[id=9, /192.168.80.3:5701->/192.168.80.5:38494, qualifier=null, endpoint=[192.168.80.5]:38494, remoteUuid=2ac6e46d-90f5-4637-b224-f7f78977b1af, alive=false, connectionType=GOO, planeIndex=-1], clientUuid=2ac6e46d-90f5-4637-b224-f7f78977b1af, clientName=hz.client_6, authenticated=true, clientVersion=1.4.1, creationTime=1706661114219, latest clientAttributes=null, labels=[]}
hazelcast_1_1        | 2024-01-31 00:32:03,309 [ INFO] [hz.adoring_bouman.event-1] [c.h.c.i.ClientEndpointManager]: [hazelcast_1]:5701 [distributed_databases] [5.1.7] Destroying ClientEndpoint{connection=Connection[id=6, /192.168.80.3:5701->/192.168.80.5:41718, qualifier=null, endpoint=[192.168.80.5]:41718, remoteUuid=d4fba4f3-20d9-49d9-9d91-4675c6c98ba4, alive=false, connectionType=GOO, planeIndex=-1], clientUuid=d4fba4f3-20d9-49d9-9d91-4675c6c98ba4, clientName=hz.client_3, authenticated=true, clientVersion=1.4.1, creationTime=1706661070214, latest clientAttributes=null, labels=[]}
hazelcast_1_1        | 2024-01-31 00:32:03,309 [ INFO] [hz.adoring_bouman.event-4] [c.h.c.i.ClientEndpointManager]: [hazelcast_1]:5701 [distributed_databases] [5.1.7] Destroying ClientEndpoint{connection=Connection[id=7, /192.168.80.3:5701->/192.168.80.5:53246, qualifier=null, endpoint=[192.168.80.5]:53246, remoteUuid=0ea682f2-20d2-4bbc-9ac8-ef68a340328e, alive=false, connectionType=GOO, planeIndex=-1], clientUuid=0ea682f2-20d2-4bbc-9ac8-ef68a340328e, clientName=hz.client_4, authenticated=true, clientVersion=1.4.1, creationTime=1706661082374, latest clientAttributes=null, labels=[]}
hazelcast_2_1        | 2024-01-31 00:32:03,308 [ INFO] [hz.sad_newton.event-3] [c.h.c.i.ClientEndpointManager]: [hazelcast_2]:5701 [distributed_databases] [5.1.7] Destroying ClientEndpoint{connection=Connection[id=7, /192.168.80.4:5701->/192.168.80.5:40540, qualifier=null, endpoint=[192.168.80.5]:40540, remoteUuid=0ea682f2-20d2-4bbc-9ac8-ef68a340328e, alive=false, connectionType=GOO, planeIndex=-1], clientUuid=0ea682f2-20d2-4bbc-9ac8-ef68a340328e, clientName=hz.client_4, authenticated=true, clientVersion=1.4.1, creationTime=1706661082377, latest clientAttributes=null, labels=[]}
hazelcast_2_1        | 2024-01-31 00:32:03,308 [ INFO] [hz.sad_newton.event-1] [c.h.c.i.ClientEndpointManager]: [hazelcast_2]:5701 [distributed_databases] [5.1.7] Destroying ClientEndpoint{connection=Connection[id=9, /192.168.80.4:5701->/192.168.80.5:53288, qualifier=null, endpoint=[192.168.80.5]:53288, remoteUuid=2ac6e46d-90f5-4637-b224-f7f78977b1af, alive=false, connectionType=GOO, planeIndex=-1], clientUuid=2ac6e46d-90f5-4637-b224-f7f78977b1af, clientName=hz.client_6, authenticated=true, clientVersion=1.4.1, creationTime=1706661114222, latest clientAttributes=null, labels=[]}
hazelcast_2_1        | 2024-01-31 00:32:03,308 [ INFO] [hz.sad_newton.IO.thread-in-0] [c.h.i.s.t.TcpServerConnection]: [hazelcast_2]:5701 [distributed_databases] [5.1.7] Connection[id=6, /192.168.80.4:5701->/192.168.80.5:45036, qualifier=null, endpoint=[192.168.80.5]:45036, remoteUuid=d4fba4f3-20d9-49d9-9d91-4675c6c98ba4, alive=false, connectionType=GOO, planeIndex=-1] closed. Reason: Connection closed by the other side
hazelcast_3_1        | 2024-01-31 00:32:03,308 [ INFO] [hz.serene_greider.IO.thread-in-1] [c.h.i.s.t.TcpServerConnection]: [hazelcast_3]:5701 [distributed_databases] [5.1.7] Connection[id=7, /192.168.80.2:5701->/192.168.80.5:39162, qualifier=null, endpoint=[192.168.80.5]:39162, remoteUuid=6780692f-208e-42fd-adb6-c02cf77ef3cc, alive=false, connectionType=GOO, planeIndex=-1] closed. Reason: Connection closed by the other side
hazelcast_3_1        | 2024-01-31 00:32:03,308 [ INFO] [hz.serene_greider.event-5] [c.h.c.i.ClientEndpointManager]: [hazelcast_3]:5701 [distributed_databases] [5.1.7] Destroying ClientEndpoint{connection=Connection[id=3, /192.168.80.2:5701->/192.168.80.5:59782, qualifier=null, endpoint=[192.168.80.5]:59782, remoteUuid=9d672142-4e8e-4087-bf8e-84bbe6161684, alive=false, connectionType=GOO, planeIndex=-1], clientUuid=9d672142-4e8e-4087-bf8e-84bbe6161684, clientName=hz.client_1, authenticated=true, clientVersion=1.4.1, creationTime=1706661032813, latest clientAttributes=null, labels=[]}
hazelcast_3_1        | 2024-01-31 00:32:03,309 [ INFO] [hz.serene_greider.IO.thread-in-1] [c.h.i.s.t.TcpServerConnection]: [hazelcast_3]:5701 [distributed_databases] [5.1.7] Connection[id=6, /192.168.80.2:5701->/192.168.80.5:39158, qualifier=null, endpoint=[192.168.80.5]:39158, remoteUuid=0ea682f2-20d2-4bbc-9ac8-ef68a340328e, alive=false, connectionType=GOO, planeIndex=-1] closed. Reason: Connection closed by the other side
hazelcast_3_1        | 2024-01-31 00:32:03,309 [ INFO] [hz.serene_greider.event-5] [c.h.c.i.ClientEndpointManager]: [hazelcast_3]:5701 [distributed_databases] [5.1.7] Destroying ClientEndpoint{connection=Connection[id=7, /192.168.80.2:5701->/192.168.80.5:39162, qualifier=null, endpoint=[192.168.80.5]:39162, remoteUuid=6780692f-208e-42fd-adb6-c02cf77ef3cc, alive=false, connectionType=GOO, planeIndex=-1], clientUuid=6780692f-208e-42fd-adb6-c02cf77ef3cc, clientName=hz.client_5, authenticated=true, clientVersion=1.4.1, creationTime=1706661088135, latest clientAttributes=null, labels=[]}
hazelcast_1_1        | 2024-01-31 00:32:03,309 [ INFO] [hz.adoring_bouman.IO.thread-in-1] [c.h.i.s.t.TcpServerConnection]: [hazelcast_1]:5701 [distributed_databases] [5.1.7] Connection[id=5, /192.168.80.3:5701->/192.168.80.5:57946, qualifier=null, endpoint=[192.168.80.5]:57946, remoteUuid=4c8acd57-42e1-4844-9b4a-b350711b368f, alive=false, connectionType=GOO, planeIndex=-1] closed. Reason: Connection closed by the other side
hazelcast_1_1        | 2024-01-31 00:32:03,309 [ INFO] [hz.adoring_bouman.event-4] [c.h.c.i.ClientEndpointManager]: [hazelcast_1]:5701 [distributed_databases] [5.1.7] Destroying ClientEndpoint{connection=Connection[id=5, /192.168.80.3:5701->/192.168.80.5:57946, qualifier=null, endpoint=[192.168.80.5]:57946, remoteUuid=4c8acd57-42e1-4844-9b4a-b350711b368f, alive=false, connectionType=GOO, planeIndex=-1], clientUuid=4c8acd57-42e1-4844-9b4a-b350711b368f, clientName=hz.client_2, authenticated=true, clientVersion=1.4.1, creationTime=1706661043449, latest clientAttributes=null, labels=[]}
hazelcast_2_1        | 2024-01-31 00:32:03,309 [ INFO] [hz.sad_newton.event-1] [c.h.c.i.ClientEndpointManager]: [hazelcast_2]:5701 [distributed_databases] [5.1.7] Destroying ClientEndpoint{connection=Connection[id=8, /192.168.80.4:5701->/192.168.80.5:40548, qualifier=null, endpoint=[192.168.80.5]:40548, remoteUuid=6780692f-208e-42fd-adb6-c02cf77ef3cc, alive=false, connectionType=GOO, planeIndex=-1], clientUuid=6780692f-208e-42fd-adb6-c02cf77ef3cc, clientName=hz.client_5, authenticated=true, clientVersion=1.4.1, creationTime=1706661088138, latest clientAttributes=null, labels=[]}
hazelcast_2_1        | 2024-01-31 00:32:03,309 [ INFO] [hz.sad_newton.event-5] [c.h.c.i.ClientEndpointManager]: [hazelcast_2]:5701 [distributed_databases] [5.1.7] Destroying ClientEndpoint{connection=Connection[id=5, /192.168.80.4:5701->/192.168.80.5:35412, qualifier=null, endpoint=[192.168.80.5]:35412, remoteUuid=4c8acd57-42e1-4844-9b4a-b350711b368f, alive=false, connectionType=GOO, planeIndex=-1], clientUuid=4c8acd57-42e1-4844-9b4a-b350711b368f, clientName=hz.client_2, authenticated=true, clientVersion=1.4.1, creationTime=1706661043459, latest clientAttributes=null, labels=[]}
hazelcast_2_1        | 2024-01-31 00:32:03,309 [ INFO] [hz.sad_newton.event-4] [c.h.c.i.ClientEndpointManager]: [hazelcast_2]:5701 [distributed_databases] [5.1.7] Destroying ClientEndpoint{connection=Connection[id=6, /192.168.80.4:5701->/192.168.80.5:45036, qualifier=null, endpoint=[192.168.80.5]:45036, remoteUuid=d4fba4f3-20d9-49d9-9d91-4675c6c98ba4, alive=false, connectionType=GOO, planeIndex=-1], clientUuid=d4fba4f3-20d9-49d9-9d91-4675c6c98ba4, clientName=hz.client_3, authenticated=true, clientVersion=1.4.1, creationTime=1706661070218, latest clientAttributes=null, labels=[]}
hazelcast_3_1        | 2024-01-31 00:32:03,309 [ INFO] [hz.serene_greider.IO.thread-in-1] [c.h.i.s.t.TcpServerConnection]: [hazelcast_3]:5701 [distributed_databases] [5.1.7] Connection[id=5, /192.168.80.2:5701->/192.168.80.5:35814, qualifier=null, endpoint=[192.168.80.5]:35814, remoteUuid=d4fba4f3-20d9-49d9-9d91-4675c6c98ba4, alive=false, connectionType=GOO, planeIndex=-1] closed. Reason: Connection closed by the other side
hazelcast_3_1        | 2024-01-31 00:32:03,309 [ INFO] [hz.serene_greider.event-1] [c.h.c.i.ClientEndpointManager]: [hazelcast_3]:5701 [distributed_databases] [5.1.7] Destroying ClientEndpoint{connection=Connection[id=8, /192.168.80.2:5701->/192.168.80.5:47668, qualifier=null, endpoint=[192.168.80.5]:47668, remoteUuid=2ac6e46d-90f5-4637-b224-f7f78977b1af, alive=false, connectionType=GOO, planeIndex=-1], clientUuid=2ac6e46d-90f5-4637-b224-f7f78977b1af, clientName=hz.client_6, authenticated=true, clientVersion=1.4.1, creationTime=1706661114221, latest clientAttributes=null, labels=[]}
hazelcast_3_1        | 2024-01-31 00:32:03,309 [ INFO] [hz.serene_greider.IO.thread-in-1] [c.h.i.s.t.TcpServerConnection]: [hazelcast_3]:5701 [distributed_databases] [5.1.7] Connection[id=4, /192.168.80.2:5701->/192.168.80.5:50444, qualifier=null, endpoint=[192.168.80.5]:50444, remoteUuid=4c8acd57-42e1-4844-9b4a-b350711b368f, alive=false, connectionType=GOO, planeIndex=-1] closed. Reason: Connection closed by the other side
hazelcast_3_1        | 2024-01-31 00:32:03,309 [ INFO] [hz.serene_greider.event-1] [c.h.c.i.ClientEndpointManager]: [hazelcast_3]:5701 [distributed_databases] [5.1.7] Destroying ClientEndpoint{connection=Connection[id=6, /192.168.80.2:5701->/192.168.80.5:39158, qualifier=null, endpoint=[192.168.80.5]:39158, remoteUuid=0ea682f2-20d2-4bbc-9ac8-ef68a340328e, alive=false, connectionType=GOO, planeIndex=-1], clientUuid=0ea682f2-20d2-4bbc-9ac8-ef68a340328e, clientName=hz.client_4, authenticated=true, clientVersion=1.4.1, creationTime=1706661082376, latest clientAttributes=null, labels=[]}
hazelcast_3_1        | 2024-01-31 00:32:03,309 [ INFO] [hz.serene_greider.event-2] [c.h.c.i.ClientEndpointManager]: [hazelcast_3]:5701 [distributed_databases] [5.1.7] Destroying ClientEndpoint{connection=Connection[id=5, /192.168.80.2:5701->/192.168.80.5:35814, qualifier=null, endpoint=[192.168.80.5]:35814, remoteUuid=d4fba4f3-20d9-49d9-9d91-4675c6c98ba4, alive=false, connectionType=GOO, planeIndex=-1], clientUuid=d4fba4f3-20d9-49d9-9d91-4675c6c98ba4, clientName=hz.client_3, authenticated=true, clientVersion=1.4.1, creationTime=1706661070217, latest clientAttributes=null, labels=[]}
hazelcast_3_1        | 2024-01-31 00:32:03,310 [ INFO] [hz.serene_greider.event-2] [c.h.c.i.ClientEndpointManager]: [hazelcast_3]:5701 [distributed_databases] [5.1.7] Destroying ClientEndpoint{connection=Connection[id=4, /192.168.80.2:5701->/192.168.80.5:50444, qualifier=null, endpoint=[192.168.80.5]:50444, remoteUuid=4c8acd57-42e1-4844-9b4a-b350711b368f, alive=false, connectionType=GOO, planeIndex=-1], clientUuid=4c8acd57-42e1-4844-9b4a-b350711b368f, clientName=hz.client_2, authenticated=true, clientVersion=1.4.1, creationTime=1706661043457, latest clientAttributes=null, labels=[]}
hazelcast_2_1        | 2024-01-31 00:32:03,310 [ INFO] [hz.sad_newton.event-4] [c.h.c.i.ClientEndpointManager]: [hazelcast_2]:5701 [distributed_databases] [5.1.7] Destroying ClientEndpoint{connection=Connection[id=4, /192.168.80.4:5701->/192.168.80.5:60946, qualifier=null, endpoint=[192.168.80.5]:60946, remoteUuid=9d672142-4e8e-4087-bf8e-84bbe6161684, alive=false, connectionType=GOO, planeIndex=-1], clientUuid=9d672142-4e8e-4087-bf8e-84bbe6161684, clientName=hz.client_1, authenticated=true, clientVersion=1.4.1, creationTime=1706661032827, latest clientAttributes=null, labels=[]}
tester-container exited with code 0
^CGracefully stopping... (press Ctrl+C again to force)
Stopping hazelcast_management-center_1 ... done
Stopping hazelcast_hazelcast_2_1       ... done
Stopping hazelcast_hazelcast_1_1       ... done
Stopping hazelcast_hazelcast_3_1       ... done
